(base) srushtipekamwar@Srushtis-MacBook-Air 8 xg boost try - global optimisation - final % /opt/anaconda3/bin/python3 train.py
Loading data...
Total : 915 games
  Train : 640  (idx 0 – 639)
  Val   : 137  (idx 640 – 776)
  Test  : 138  (idx 777 – 914)

  Val and Test sets are SEALED until after training.

──────────────────────────────────────────────────
STEP 0/4  Verifying split integrity (no data leakage)
──────────────────────────────────────────────────
  ✓ Split integrity confirmed: NO overlap between train / val / test.
    train=640  val=137  test=138
Initialising embedder (MPNet + GloVe + Numberbatch)...
Loading embedding model: all-mpnet-base-v2...
Model loaded.
Loading GloVe word vectors...
GloVe loaded.
Loading ConceptNet Numberbatch from numberbatch-en-19.08.txt.gz...
Numberbatch loaded (516782 words, dim=300).

──────────────────────────────────────────────────
STEP 1/4  Extract features (train only)
──────────────────────────────────────────────────
Extracting train features: 100%|███████████████████████████████████████████████████████████████████████████████████████████████| 640/640 [2:05:01<00:00, 11.72s/it]
  Samples : 12800  (2560 pos / 10240 neg)
  Features: 153

──────────────────────────────────────────────────
STEP 2/4  Train RF + GBM
──────────────────────────────────────────────────
Training Random Forest (n_estimators=200, max_depth=10)...
  RF   train accuracy : 93.84%
Training Gradient Boosting (n_estimators=200, max_depth=3)...
  GBM  train accuracy : 91.85%

──────────────────────────────────────────────────
STEP 3/4  Train LightGBM Lambdarank Ranker (with val early stopping)
──────────────────────────────────────────────────

Building ranking dataset for LightGBM lambdarank...
Ranking feature extraction: 100%|██████████████████████████████████████████████████████████████████████████████████████████████| 640/640 [1:31:38<00:00,  8.59s/it]
  Ranking samples: 12800  |  queries: 640
  Building validation ranking dataset for early stopping...
Val ranking features: 100%|██████████████████████████████████████████████████████████████████████████████████████████████████████| 137/137 [14:43<00:00,  6.45s/it]
  Val ranking samples: 2740  |  queries: 137
[50]    train's ndcg@1: 0.991146        train's ndcg@3: 0.931378        train's ndcg@5: 0.904358        val's ndcg@1: 0.927007  val's ndcg@3: 0.840205  val's ndcg@5: 0.820751
[100]   train's ndcg@1: 0.996875        train's ndcg@3: 0.949721        train's ndcg@5: 0.926982        val's ndcg@1: 0.927007  val's ndcg@3: 0.84609   val's ndcg@5: 0.828759
[150]   train's ndcg@1: 0.997917        train's ndcg@3: 0.96078 train's ndcg@5: 0.941104        val's ndcg@1: 0.927007  val's ndcg@3: 0.847014  val's ndcg@5: 0.831055
[200]   train's ndcg@1: 0.998958        train's ndcg@3: 0.971622        train's ndcg@5: 0.954967        val's ndcg@1: 0.931873  val's ndcg@3: 0.848999  val's ndcg@5: 0.834964
[250]   train's ndcg@1: 1       train's ndcg@3: 0.981055        train's ndcg@5: 0.964285        val's ndcg@1: 0.919708  val's ndcg@3: 0.850168  val's ndcg@5: 0.836622
[300]   train's ndcg@1: 1       train's ndcg@3: 0.986912        train's ndcg@5: 0.972845        val's ndcg@1: 0.931873  val's ndcg@3: 0.855007  val's ndcg@5: 0.837959

──────────────────────────────────────────────────
STEP 3.5/4  Train LR Matrix Weights (Path A — val set only)
──────────────────────────────────────────────────
LR fusion: val feature extraction: 100%|█████████████████████████████████████████████████████████████████████████████████████████| 137/137 [14:34<00:00,  6.39s/it]
  LR fusion samples : 2740  (548 pos / 2192 neg)
  LR fusion features: 17  (one per matrix)
  Learned matrix weights (LR coefficients):
    MPNet+Numberbatch_sim                         +4.9044
    MPNet_sim                                     +2.4951
    WordNet_sim                                   +2.5050
    GloVe_sim                                     +4.6494
    Lexical_sim                                   +0.9656
    Phonetic_sim                                  +1.7077
    Morphological_sim                             +0.1259
    MultiSense_sim                                +4.5362
    PairContext_sim                               +0.3214
    TemplateCtx_sim                               +2.5104
    WikiData_sim                                  +0.1535
    Datamuse_sim                                  +0.6120
    ConceptNet_sim                                +0.0000
    WikipediaCategories_sim                       +0.2166
    GridPropertyUniqueness_sim                    +0.1075
    GridCategoryUniqueness_sim                    -0.0869
    GridDatamuseUniqueness_sim                    +0.7293

──────────────────────────────────────────────────
STEP 4/4  Save models and feature weights
──────────────────────────────────────────────────
  RF        model → models/clf_rf.pkl
  GBM       model → models/clf_gbm.pkl
  Ranker    model → models/clf_lgbm_ranker.pkl
  LR fusion model → models/clf_lr_fusion.pkl
Feature importances saved → feature_weights.txt
  ✓ Training complete. Models saved. Val/Test not yet accessed.

Loading saved models for evaluation...

============================================================
  EVALUATION  (models are frozen — no training data used)
============================================================
Evaluating [VAL]: 100%|███████████████████████| 137/137 [37:45<00:00, 16.54s/it]

  [VAL]  137 games
    Perfect games  : 33  (24.09%)
    Group accuracy :  (44.16%)
    Guess breakdown:
      4/4 →  242  (35.0%)
      3/4 →  242  (35.0%)
      2/4 →  193  (27.9%)
      1/4 →   14  (2.0%)
      0/4 →    0  (0.0%)
Evaluating [TEST]: 100%|██████████████████████| 138/138 [37:55<00:00, 16.49s/it]

  [TEST]  138 games
    Perfect games  : 41  (29.71%)
    Group accuracy :  (49.28%)
    Guess breakdown:
      4/4 →  272  (38.7%)
      3/4 →  239  (34.0%)
      2/4 →  184  (26.2%)
      1/4 →    7  (1.0%)
      0/4 →    0  (0.0%)

============================================================
  FINAL SUMMARY
============================================================
Split      Games   Game Acc   Group Acc
---------------------------------------------
Val          137     23.36%      42.88%
Test         138     31.16%      50.36%
============================================================
Features      : 126
Models saved  : models/clf_rf.pkl, models/clf_gbm.pkl, models/clf_lgbm_ranker.pkl
Weights saved : feature_weights.txt